M5/S2 dataframe built
Original rows: 76544 
Model rows: 30945 
Dropped missing S2 covariates: 2543 
Municipios: 92 
Years: 2017, 2018, 2019, 2020, 2021, 2022, 2023 
Rows with at least one neighbor lag value: 29243 
INLA graph written: /var/folders/hf/rt97wjy964g2q1trd19ksx0r0000gn/T//RtmpiMCYG2/rj_municipality_inla.graph 
Connected graph nodes: 87 
Connected graph edges: 511 
Isolated municipalities: 5 
 *** WARNING *** GMRFLib_2order_approx: rescue NAN/INF values in logl for idx=22808
 *** WARNING *** GMRFLib_2order_approx: reset counter for 2 NAN/INF values in logl
 *** WARNING *** GMRFLib_2order_approx: reset counter for 2 NAN/INF values in logl
 *** WARNING *** GMRFLib_2order_approx: reset counter for 2 NAN/INF values in logl
 *** WARNING *** GMRFLib_2order_approx: reset counter for 2 NAN/INF values in logl

S2 full-data fixed effects:
                                mean         sd  0.025quant    0.5quant
(Intercept)              -0.24862513 0.14671540 -0.53849948 -0.24899509
rainfall_lag_z            0.20848148 0.02305682  0.16262632  0.20871592
humidity_lag_z           -0.02129149 0.01414471 -0.04905680 -0.02128120
temperature_lag_z         0.08331804 0.02020177  0.04355831  0.08337182
idhm_z                    0.52379105 0.08601383  0.35389484  0.52408069
log_cases_lag_z           0.93682556 0.01043208  0.91637102  0.93682485
neighbor_log_cases_lag_z  0.27724722 0.01984077  0.23834961  0.27724411
                          0.975quant        mode          kld
(Intercept)              0.043206383 -0.24902400 7.390077e-07
rainfall_lag_z           0.253031692  0.20872452 2.529814e-08
humidity_lag_z           0.006415451 -0.02128108 1.951726e-10
temperature_lag_z        0.122777654  0.08337363 1.850276e-09
idhm_z                   0.692111000  0.52409476 1.420498e-08
log_cases_lag_z          0.957284157  0.93682484 4.624487e-11
neighbor_log_cases_lag_z 0.316162474  0.27724408 5.051929e-11

S2 full-data model criteria:
        dic     waic
      <num>    <num>
1: 93818.78 93989.47
 *** WARNING *** GMRFLib_2order_approx: rescue NAN/INF values in logl for idx=13573
 *** WARNING *** GMRFLib_2order_approx: reset counter for 3 NAN/INF values in logl
 *** WARNING *** GMRFLib_2order_approx: rescue NAN/INF values in logl for idx=4268
 *** WARNING *** GMRFLib_2order_approx: reset counter for 2 NAN/INF values in logl
 *** WARNING *** GMRFLib_2order_approx: reset counter for 2 NAN/INF values in logl
 *** WARNING *** GMRFLib_2order_approx: reset counter for 2 NAN/INF values in logl
 *** WARNING *** GMRFLib_2order_approx: reset counter for 2 NAN/INF values in logl

Train/test evaluation split:
Train rows: 26282 
Test rows: 364 
Dropped test rows with own/neighbor lagged cases inside test period: 4299 
No-leakage policy: scaler fit on training data only.
No-leakage policy: test own-case and neighbor-case lags must come from before test start.

S2 train/test metrics:
    split      mae     rmse      wape accuracy_pct        r2
   <char>    <num>    <num>     <num>        <num>     <num>
1:  train 3.176328 21.75154 0.6856807     31.43193 0.5961211
2:   test 4.043697 10.61634 0.4669751     53.30249 0.8687948

S2 train-fit fixed effects:
                                mean         sd  0.025quant    0.5quant
(Intercept)              -0.59388505 0.13430413 -0.85841240 -0.59461581
rainfall_lag_z            0.21612146 0.02536300  0.16569184  0.21636640
humidity_lag_z           -0.02902704 0.01736097 -0.06311485 -0.02901135
temperature_lag_z         0.08983543 0.02383396  0.04290533  0.08990490
idhm_z                    0.57726258 0.09279208  0.39479586  0.57721976
log_cases_lag_z           0.86812016 0.01147703  0.84561903  0.86811853
neighbor_log_cases_lag_z  0.25411367 0.02103121  0.21287309  0.25411366
                           0.975quant        mode          kld
(Intercept)              -0.325577574 -0.59465292 3.387049e-07
rainfall_lag_z            0.265170165  0.21637090 2.308843e-08
humidity_lag_z            0.004971648 -0.02901123 2.612526e-10
temperature_lag_z         0.136372627  0.08990591 2.236137e-09
idhm_z                    0.760020057  0.57723104 2.053191e-08
log_cases_lag_z           0.890630518  0.86811852 4.712744e-11
neighbor_log_cases_lag_z  0.295354357  0.25411367 4.669041e-11
